01:04:28 **** Incremental Build of configuration Debug for project ESERCIZIO_CONTATORE ****
make -j9 all 
arm-none-eabi-gcc "../Src/main.c" -mcpu=cortex-m4 -std=gnu11 -g3 -DDEBUG -DSTM32F303VCTx -DSTM32 -DSTM32F3 -DSTM32F3DISCOVERY -c -I"/Users/matteorusso/STM32CubeIDE/workspace_2.2.0/workspace/ESERCIZIO_CONTATORE/Drivers/CMSIS/Include" -I"/Users/matteorusso/STM32CubeIDE/workspace_2.2.0/workspace/ESERCIZIO_CONTATORE/Drivers/CMSIS/Device/ST/STM32F3xx/Include" -I../Inc -O0 -ffunction-sections -fdata-sections -Wall -fstack-usage -fcyclomatic-complexity -MMD -MP -MF"Src/main.d" -MT"Src/main.o" --specs=nano.specs -mfpu=fpv4-sp-d16 -mfloat-abi=hard -mthumb -o "Src/main.o"
arm-none-eabi-gcc "../Src/syscalls.c" -mcpu=cortex-m4 -std=gnu11 -g3 -DDEBUG -DSTM32F303VCTx -DSTM32 -DSTM32F3 -DSTM32F3DISCOVERY -c -I"/Users/matteorusso/STM32CubeIDE/workspace_2.2.0/workspace/ESERCIZIO_CONTATORE/Drivers/CMSIS/Include" -I"/Users/matteorusso/STM32CubeIDE/workspace_2.2.0/workspace/ESERCIZIO_CONTATORE/Drivers/CMSIS/Device/ST/STM32F3xx/Include" -I../Inc -O0 -ffunction-sections -fdata-sections -Wall -fstack-usage -fcyclomatic-complexity -MMD -MP -MF"Src/syscalls.d" -MT"Src/syscalls.o" --specs=nano.specs -mfpu=fpv4-sp-d16 -mfloat-abi=hard -mthumb -o "Src/syscalls.o"
arm-none-eabi-gcc "../Src/sysmem.c" -mcpu=cortex-m4 -std=gnu11 -g3 -DDEBUG -DSTM32F303VCTx -DSTM32 -DSTM32F3 -DSTM32F3DISCOVERY -c -I"/Users/matteorusso/STM32CubeIDE/workspace_2.2.0/workspace/ESERCIZIO_CONTATORE/Drivers/CMSIS/Include" -I"/Users/matteorusso/STM32CubeIDE/workspace_2.2.0/workspace/ESERCIZIO_CONTATORE/Drivers/CMSIS/Device/ST/STM32F3xx/Include" -I../Inc -O0 -ffunction-sections -fdata-sections -Wall -fstack-usage -fcyclomatic-complexity -MMD -MP -MF"Src/sysmem.d" -MT"Src/sysmem.o" --specs=nano.specs -mfpu=fpv4-sp-d16 -mfloat-abi=hard -mthumb -o "Src/sysmem.o"
arm-none-eabi-gcc -o "ESERCIZIO_CONTATORE.elf" @"objects.list"   -mcpu=cortex-m4 -T"/Users/matteorusso/STM32CubeIDE/workspace_2.2.0/workspace/ESERCIZIO_CONTATORE/STM32F303VCTX_FLASH.ld" --specs=nosys.specs -Wl,-Map="ESERCIZIO_CONTATORE.map" -Wl,--gc-sections -static --specs=nano.specs -mfpu=fpv4-sp-d16 -mfloat-abi=hard -mthumb -Wl,--start-group -lc -lm -Wl,--end-group
Finished building target: ESERCIZIO_CONTATORE.elf
 
arm-none-eabi-size  ESERCIZIO_CONTATORE.elf 
arm-none-eabi-objdump -h -S ESERCIZIO_CONTATORE.elf  > "ESERCIZIO_CONTATORE.list"
   text	   data	    bss	    dec	    hex	filename
    940	      0	   1568	   2508	    9cc	ESERCIZIO_CONTATORE.elf
Finished building: default.size.stdout
 
Finished building: ESERCIZIO_CONTATORE.list
 

01:04:29 Build Finished. 0 errors, 0 warnings. (took 490ms)

