20:52:22 **** Build of configuration Debug for project HEADER_1 ****
make -j9 all 
arm-none-eabi-gcc -mcpu=cortex-m4 -g3 -DDEBUG -c -x assembler-with-cpp -MMD -MP -MF"Startup/startup_stm32f303vctx.d" -MT"Startup/startup_stm32f303vctx.o" --specs=nano.specs -mfpu=fpv4-sp-d16 -mfloat-abi=hard -mthumb -o "Startup/startup_stm32f303vctx.o" "../Startup/startup_stm32f303vctx.s"
arm-none-eabi-gcc "../Src/main.c" -mcpu=cortex-m4 -std=gnu11 -g3 -DDEBUG -DSTM32F303VCTx -DSTM32 -DSTM32F3 -DSTM32F3DISCOVERY -c -I../Inc -O0 -ffunction-sections -fdata-sections -Wall -fstack-usage -fcyclomatic-complexity -MMD -MP -MF"Src/main.d" -MT"Src/main.o" --specs=nano.specs -mfpu=fpv4-sp-d16 -mfloat-abi=hard -mthumb -o "Src/main.o"
arm-none-eabi-gcc "../Src/syscalls.c" -mcpu=cortex-m4 -std=gnu11 -g3 -DDEBUG -DSTM32F303VCTx -DSTM32 -DSTM32F3 -DSTM32F3DISCOVERY -c -I../Inc -O0 -ffunction-sections -fdata-sections -Wall -fstack-usage -fcyclomatic-complexity -MMD -MP -MF"Src/syscalls.d" -MT"Src/syscalls.o" --specs=nano.specs -mfpu=fpv4-sp-d16 -mfloat-abi=hard -mthumb -o "Src/syscalls.o"
arm-none-eabi-gcc "../Src/sysmem.c" -mcpu=cortex-m4 -std=gnu11 -g3 -DDEBUG -DSTM32F303VCTx -DSTM32 -DSTM32F3 -DSTM32F3DISCOVERY -c -I../Inc -O0 -ffunction-sections -fdata-sections -Wall -fstack-usage -fcyclomatic-complexity -MMD -MP -MF"Src/sysmem.d" -MT"Src/sysmem.o" --specs=nano.specs -mfpu=fpv4-sp-d16 -mfloat-abi=hard -mthumb -o "Src/sysmem.o"
../Src/main.c:20:10: fatal error: stm32f303xx.h: No such file or directory
   20 | #include "stm32f303xx.h"
      |          ^~~~~~~~~~~~~~~
compilation terminated.
make: *** [Src/subdir.mk:25: Src/main.o] Error 1
make: *** Waiting for unfinished jobs....
"make -j9 all" terminated with exit code 2. Build might be incomplete.
20:58:07 **** Build of configuration Debug for project AccensioneLED_1 ****
make -j9 all 
arm-none-eabi-size  AccensioneLED_1.elf 
   text	   data	    bss	    dec	    hex	filename
    736	      0	   1568	   2304	    900	AccensioneLED_1.elf
Finished building: default.size.stdout
 
20:58:07 **** Incremental Build of configuration Debug for project FLICKER_LED_2 ****
make -j9 all 
arm-none-eabi-gcc "../Src/main.c" -mcpu=cortex-m4 -std=gnu11 -g3 -DDEBUG -DSTM32F303VCTx -DSTM32 -DSTM32F3 -DSTM32F3DISCOVERY -c -I../Inc -O0 -ffunction-sections -fdata-sections -Wall -fstack-usage -fcyclomatic-complexity -MMD -MP -MF"Src/main.d" -MT"Src/main.o" --specs=nano.specs -mfpu=fpv4-sp-d16 -mfloat-abi=hard -mthumb -o "Src/main.o"
../Src/main.c:1:10: fatal error: stm32f303xc.h: No such file or directory
    1 | #include "stm32f303xc.h"
      |          ^~~~~~~~~~~~~~~
compilation terminated.
make: *** [Src/subdir.mk:25: Src/main.o] Error 1
"make -j9 all" terminated with exit code 2. Build might be incomplete.
20:58:08 **** Incremental Build of configuration Debug for project HEADER_1 ****
make -j9 all 
arm-none-eabi-gcc "../Src/main.c" -mcpu=cortex-m4 -std=gnu11 -g3 -DDEBUG -DSTM32F303VCTx -DSTM32 -DSTM32F3 -DSTM32F3DISCOVERY -c -I../Inc -O0 -ffunction-sections -fdata-sections -Wall -fstack-usage -fcyclomatic-complexity -MMD -MP -MF"Src/main.d" -MT"Src/main.o" --specs=nano.specs -mfpu=fpv4-sp-d16 -mfloat-abi=hard -mthumb -o "Src/main.o"
arm-none-eabi-gcc "../Src/syscalls.c" -mcpu=cortex-m4 -std=gnu11 -g3 -DDEBUG -DSTM32F303VCTx -DSTM32 -DSTM32F3 -DSTM32F3DISCOVERY -c -I../Inc -O0 -ffunction-sections -fdata-sections -Wall -fstack-usage -fcyclomatic-complexity -MMD -MP -MF"Src/syscalls.d" -MT"Src/syscalls.o" --specs=nano.specs -mfpu=fpv4-sp-d16 -mfloat-abi=hard -mthumb -o "Src/syscalls.o"
arm-none-eabi-gcc "../Src/sysmem.c" -mcpu=cortex-m4 -std=gnu11 -g3 -DDEBUG -DSTM32F303VCTx -DSTM32 -DSTM32F3 -DSTM32F3DISCOVERY -c -I../Inc -O0 -ffunction-sections -fdata-sections -Wall -fstack-usage -fcyclomatic-complexity -MMD -MP -MF"Src/sysmem.d" -MT"Src/sysmem.o" --specs=nano.specs -mfpu=fpv4-sp-d16 -mfloat-abi=hard -mthumb -o "Src/sysmem.o"
../Src/main.c:20:10: fatal error: stm32f303xc.h: No such file or directory
   20 | #include "stm32f303xc.h"
      |          ^~~~~~~~~~~~~~~
compilation terminated.
make: *** [Src/subdir.mk:25: Src/main.o] Error 1
make: *** Waiting for unfinished jobs....
"make -j9 all" terminated with exit code 2. Build might be incomplete.
20:59:50 **** Incremental Build of configuration Debug for project AccensioneLED_1 ****
make -j9 all 
arm-none-eabi-size  AccensioneLED_1.elf 
   text	   data	    bss	    dec	    hex	filename
    736	      0	   1568	   2304	    900	AccensioneLED_1.elf
Finished building: default.size.stdout
 
20:59:50 **** Incremental Build of configuration Debug for project FLICKER_LED_2 ****
make -j9 all 
arm-none-eabi-gcc "../Src/main.c" -mcpu=cortex-m4 -std=gnu11 -g3 -DDEBUG -DSTM32F303VCTx -DSTM32 -DSTM32F3 -DSTM32F3DISCOVERY -c -I../Inc -O0 -ffunction-sections -fdata-sections -Wall -fstack-usage -fcyclomatic-complexity -MMD -MP -MF"Src/main.d" -MT"Src/main.o" --specs=nano.specs -mfpu=fpv4-sp-d16 -mfloat-abi=hard -mthumb -o "Src/main.o"
../Src/main.c:1:10: fatal error: stm32f303xc.h: No such file or directory
    1 | #include "stm32f303xc.h"
      |          ^~~~~~~~~~~~~~~
compilation terminated.
make: *** [Src/subdir.mk:25: Src/main.o] Error 1
"make -j9 all" terminated with exit code 2. Build might be incomplete.
20:59:51 **** Incremental Build of configuration Debug for project HEADER_1 ****
make -j9 all 
arm-none-eabi-gcc "../Src/main.c" -mcpu=cortex-m4 -std=gnu11 -g3 -DDEBUG -DSTM32F303VCTx -DSTM32 -DSTM32F3 -DSTM32F3DISCOVERY -c -I../Inc -O0 -ffunction-sections -fdata-sections -Wall -fstack-usage -fcyclomatic-complexity -MMD -MP -MF"Src/main.d" -MT"Src/main.o" --specs=nano.specs -mfpu=fpv4-sp-d16 -mfloat-abi=hard -mthumb -o "Src/main.o"
../Src/main.c:20:10: fatal error: stm32f303xc.h: No such file or directory
   20 | #include "stm32f303xc.h"
      |          ^~~~~~~~~~~~~~~
compilation terminated.
make: *** [Src/subdir.mk:25: Src/main.o] Error 1
"make -j9 all" terminated with exit code 2. Build might be incomplete.
21:04:47 **** Incremental Build of configuration Debug for project AccensioneLED_1 ****
make -j9 all 
arm-none-eabi-size  AccensioneLED_1.elf 
   text	   data	    bss	    dec	    hex	filename
    736	      0	   1568	   2304	    900	AccensioneLED_1.elf
Finished building: default.size.stdout
 
21:04:48 **** Incremental Build of configuration Debug for project FLICKER_LED_2 ****
make -j9 all 
arm-none-eabi-gcc "../Src/main.c" -mcpu=cortex-m4 -std=gnu11 -g3 -DDEBUG -DSTM32F303VCTx -DSTM32 -DSTM32F3 -DSTM32F3DISCOVERY -c -I../Inc -O0 -ffunction-sections -fdata-sections -Wall -fstack-usage -fcyclomatic-complexity -MMD -MP -MF"Src/main.d" -MT"Src/main.o" --specs=nano.specs -mfpu=fpv4-sp-d16 -mfloat-abi=hard -mthumb -o "Src/main.o"
../Src/main.c:1:10: fatal error: stm32f303xc.h: No such file or directory
    1 | #include "stm32f303xc.h"
      |          ^~~~~~~~~~~~~~~
compilation terminated.
make: *** [Src/subdir.mk:25: Src/main.o] Error 1
"make -j9 all" terminated with exit code 2. Build might be incomplete.
21:04:48 **** Incremental Build of configuration Debug for project HEADER_1 ****
make -j9 all 
arm-none-eabi-gcc "../Src/main.c" -mcpu=cortex-m4 -std=gnu11 -g3 -DDEBUG -DSTM32F303VCTx -DSTM32 -DSTM32F3 -DSTM32F3DISCOVERY -c -I"/Users/matteorusso/STM32CubeIDE/workspace_2.2.0/workspace/HEADER_1/Drivers/CMSIS/Include" -I"/Users/matteorusso/STM32CubeIDE/workspace_2.2.0/workspace/HEADER_1/Drivers/CMSIS/Device/ST/STM32F3xx/Include" -I../Inc -O0 -ffunction-sections -fdata-sections -Wall -fstack-usage -fcyclomatic-complexity -MMD -MP -MF"Src/main.d" -MT"Src/main.o" --specs=nano.specs -mfpu=fpv4-sp-d16 -mfloat-abi=hard -mthumb -o "Src/main.o"
arm-none-eabi-gcc "../Src/syscalls.c" -mcpu=cortex-m4 -std=gnu11 -g3 -DDEBUG -DSTM32F303VCTx -DSTM32 -DSTM32F3 -DSTM32F3DISCOVERY -c -I"/Users/matteorusso/STM32CubeIDE/workspace_2.2.0/workspace/HEADER_1/Drivers/CMSIS/Include" -I"/Users/matteorusso/STM32CubeIDE/workspace_2.2.0/workspace/HEADER_1/Drivers/CMSIS/Device/ST/STM32F3xx/Include" -I../Inc -O0 -ffunction-sections -fdata-sections -Wall -fstack-usage -fcyclomatic-complexity -MMD -MP -MF"Src/syscalls.d" -MT"Src/syscalls.o" --specs=nano.specs -mfpu=fpv4-sp-d16 -mfloat-abi=hard -mthumb -o "Src/syscalls.o"
arm-none-eabi-gcc "../Src/sysmem.c" -mcpu=cortex-m4 -std=gnu11 -g3 -DDEBUG -DSTM32F303VCTx -DSTM32 -DSTM32F3 -DSTM32F3DISCOVERY -c -I"/Users/matteorusso/STM32CubeIDE/workspace_2.2.0/workspace/HEADER_1/Drivers/CMSIS/Include" -I"/Users/matteorusso/STM32CubeIDE/workspace_2.2.0/workspace/HEADER_1/Drivers/CMSIS/Device/ST/STM32F3xx/Include" -I../Inc -O0 -ffunction-sections -fdata-sections -Wall -fstack-usage -fcyclomatic-complexity -MMD -MP -MF"Src/sysmem.d" -MT"Src/sysmem.o" --specs=nano.specs -mfpu=fpv4-sp-d16 -mfloat-abi=hard -mthumb -o "Src/sysmem.o"
../Src/main.c:23:4: warning: #warning "FPU is not initialized, but the project is compiling for an FPU. Please initialize the FPU before use." [-Wcpp]
   23 |   #warning "FPU is not initialized, but the project is compiling for an FPU. Please initialize the FPU before use."
      |    ^~~~~~~
arm-none-eabi-gcc -o "HEADER_1.elf" @"objects.list"   -mcpu=cortex-m4 -T"/Users/matteorusso/STM32CubeIDE/workspace_2.2.0/workspace/HEADER_1/STM32F303VCTX_FLASH.ld" --specs=nosys.specs -Wl,-Map="HEADER_1.map" -Wl,--gc-sections -static --specs=nano.specs -mfpu=fpv4-sp-d16 -mfloat-abi=hard -mthumb -Wl,--start-group -lc -lm -Wl,--end-group
Finished building target: HEADER_1.elf
 
arm-none-eabi-size  HEADER_1.elf 
arm-none-eabi-objdump -h -S HEADER_1.elf  > "HEADER_1.list"
   text	   data	    bss	    dec	    hex	filename
    664	      0	   1568	   2232	    8b8	HEADER_1.elf
Finished building: default.size.stdout
 
Finished building: HEADER_1.list
 
21:06:42 **** Incremental Build of configuration Debug for project AccensioneLED_1 ****
make -j9 all 
arm-none-eabi-size  AccensioneLED_1.elf 
   text	   data	    bss	    dec	    hex	filename
    736	      0	   1568	   2304	    900	AccensioneLED_1.elf
Finished building: default.size.stdout
 
21:06:43 **** Incremental Build of configuration Debug for project FLICKER_LED_2 ****
make -j9 all 
arm-none-eabi-gcc "../Src/main.c" -mcpu=cortex-m4 -std=gnu11 -g3 -DDEBUG -DSTM32F303VCTx -DSTM32 -DSTM32F3 -DSTM32F3DISCOVERY -c -I../Inc -O0 -ffunction-sections -fdata-sections -Wall -fstack-usage -fcyclomatic-complexity -MMD -MP -MF"Src/main.d" -MT"Src/main.o" --specs=nano.specs -mfpu=fpv4-sp-d16 -mfloat-abi=hard -mthumb -o "Src/main.o"
../Src/main.c:1:10: fatal error: stm32f303xc.h: No such file or directory
    1 | #include "stm32f303xc.h"
      |          ^~~~~~~~~~~~~~~
compilation terminated.
make: *** [Src/subdir.mk:25: Src/main.o] Error 1
"make -j9 all" terminated with exit code 2. Build might be incomplete.
21:06:43 **** Incremental Build of configuration Debug for project HEADER_1 ****
make -j9 all 
arm-none-eabi-gcc "../Src/main.c" -mcpu=cortex-m4 -std=gnu11 -g3 -DDEBUG -DSTM32F303VCTx -DSTM32 -DSTM32F3 -DSTM32F3DISCOVERY -c -I"/Users/matteorusso/STM32CubeIDE/workspace_2.2.0/workspace/HEADER_1/Drivers/CMSIS/Include" -I"/Users/matteorusso/STM32CubeIDE/workspace_2.2.0/workspace/HEADER_1/Drivers/CMSIS/Device/ST/STM32F3xx/Include" -I../Inc -O0 -ffunction-sections -fdata-sections -Wall -fstack-usage -fcyclomatic-complexity -MMD -MP -MF"Src/main.d" -MT"Src/main.o" --specs=nano.specs -mfpu=fpv4-sp-d16 -mfloat-abi=hard -mthumb -o "Src/main.o"
../Src/main.c:23:4: warning: #warning "FPU is not initialized, but the project is compiling for an FPU. Please initialize the FPU before use." [-Wcpp]
   23 |   #warning "FPU is not initialized, but the project is compiling for an FPU. Please initialize the FPU before use."
      |    ^~~~~~~
../Src/main.c: In function 'main':
../Src/main.c:31:1: error: expected identifier before '}' token
   31 | }
      | ^
make: *** [Src/subdir.mk:25: Src/main.o] Error 1
"make -j9 all" terminated with exit code 2. Build might be incomplete.
21:07:20 **** Incremental Build of configuration Debug for project AccensioneLED_1 ****
make -j9 all 
arm-none-eabi-size  AccensioneLED_1.elf 
   text	   data	    bss	    dec	    hex	filename
    736	      0	   1568	   2304	    900	AccensioneLED_1.elf
Finished building: default.size.stdout
 
21:07:21 **** Incremental Build of configuration Debug for project FLICKER_LED_2 ****
make -j9 all 
arm-none-eabi-gcc "../Src/main.c" -mcpu=cortex-m4 -std=gnu11 -g3 -DDEBUG -DSTM32F303VCTx -DSTM32 -DSTM32F3 -DSTM32F3DISCOVERY -c -I../Inc -O0 -ffunction-sections -fdata-sections -Wall -fstack-usage -fcyclomatic-complexity -MMD -MP -MF"Src/main.d" -MT"Src/main.o" --specs=nano.specs -mfpu=fpv4-sp-d16 -mfloat-abi=hard -mthumb -o "Src/main.o"
../Src/main.c:1:10: fatal error: stm32f303xc.h: No such file or directory
    1 | #include "stm32f303xc.h"
      |          ^~~~~~~~~~~~~~~
compilation terminated.
make: *** [Src/subdir.mk:25: Src/main.o] Error 1
"make -j9 all" terminated with exit code 2. Build might be incomplete.
21:07:21 **** Incremental Build of configuration Debug for project HEADER_1 ****
make -j9 all 
arm-none-eabi-gcc "../Src/main.c" -mcpu=cortex-m4 -std=gnu11 -g3 -DDEBUG -DSTM32F303VCTx -DSTM32 -DSTM32F3 -DSTM32F3DISCOVERY -c -I"/Users/matteorusso/STM32CubeIDE/workspace_2.2.0/workspace/HEADER_1/Drivers/CMSIS/Include" -I"/Users/matteorusso/STM32CubeIDE/workspace_2.2.0/workspace/HEADER_1/Drivers/CMSIS/Device/ST/STM32F3xx/Include" -I../Inc -O0 -ffunction-sections -fdata-sections -Wall -fstack-usage -fcyclomatic-complexity -MMD -MP -MF"Src/main.d" -MT"Src/main.o" --specs=nano.specs -mfpu=fpv4-sp-d16 -mfloat-abi=hard -mthumb -o "Src/main.o"
../Src/main.c:23:4: warning: #warning "FPU is not initialized, but the project is compiling for an FPU. Please initialize the FPU before use." [-Wcpp]
   23 |   #warning "FPU is not initialized, but the project is compiling for an FPU. Please initialize the FPU before use."
      |    ^~~~~~~
../Src/main.c: In function 'main':
../Src/main.c:31:1: error: expected identifier before '}' token
   31 | }
      | ^
make: *** [Src/subdir.mk:25: Src/main.o] Error 1
"make -j9 all" terminated with exit code 2. Build might be incomplete.
21:13:17 **** Incremental Build of configuration Debug for project AccensioneLED_1 ****
make -j9 all 
arm-none-eabi-size  AccensioneLED_1.elf 
   text	   data	    bss	    dec	    hex	filename
    736	      0	   1568	   2304	    900	AccensioneLED_1.elf
Finished building: default.size.stdout
 
21:13:17 **** Incremental Build of configuration Debug for project FLICKER_LED_2 ****
make -j9 all 
arm-none-eabi-gcc "../Src/main.c" -mcpu=cortex-m4 -std=gnu11 -g3 -DDEBUG -DSTM32F303VCTx -DSTM32 -DSTM32F3 -DSTM32F3DISCOVERY -c -I../Inc -O0 -ffunction-sections -fdata-sections -Wall -fstack-usage -fcyclomatic-complexity -MMD -MP -MF"Src/main.d" -MT"Src/main.o" --specs=nano.specs -mfpu=fpv4-sp-d16 -mfloat-abi=hard -mthumb -o "Src/main.o"
../Src/main.c:4:6: warning: return type of 'main' is not 'int' [-Wmain]
    4 | void main(void) {
      |      ^~~~
arm-none-eabi-gcc -o "FLICKER_LED_2.elf" @"objects.list"   -mcpu=cortex-m4 -T"/Users/matteorusso/STM32CubeIDE/workspace_2.2.0/workspace/FLICKER_LED_2/STM32F303VCTX_FLASH.ld" --specs=nosys.specs -Wl,-Map="FLICKER_LED_2.map" -Wl,--gc-sections -static --specs=nano.specs -mfpu=fpv4-sp-d16 -mfloat-abi=hard -mthumb -Wl,--start-group -lc -lm -Wl,--end-group
Finished building target: FLICKER_LED_2.elf
 
arm-none-eabi-size  FLICKER_LED_2.elf 
arm-none-eabi-objdump -h -S FLICKER_LED_2.elf  > "FLICKER_LED_2.list"
   text	   data	    bss	    dec	    hex	filename
    808	      0	   1568	   2376	    948	FLICKER_LED_2.elf
Finished building: default.size.stdout
 
Finished building: FLICKER_LED_2.list
 
21:13:18 **** Incremental Build of configuration Debug for project HEADER_1 ****
make -j9 all 
arm-none-eabi-gcc "../Src/main.c" -mcpu=cortex-m4 -std=gnu11 -g3 -DDEBUG -DSTM32F303VCTx -DSTM32 -DSTM32F3 -DSTM32F3DISCOVERY -c -I"/Users/matteorusso/STM32CubeIDE/workspace_2.2.0/workspace/HEADER_1/Drivers/CMSIS/Include" -I"/Users/matteorusso/STM32CubeIDE/workspace_2.2.0/workspace/HEADER_1/Drivers/CMSIS/Device/ST/STM32F3xx/Include" -I../Inc -O0 -ffunction-sections -fdata-sections -Wall -fstack-usage -fcyclomatic-complexity -MMD -MP -MF"Src/main.d" -MT"Src/main.o" --specs=nano.specs -mfpu=fpv4-sp-d16 -mfloat-abi=hard -mthumb -o "Src/main.o"
../Src/main.c:23:4: warning: #warning "FPU is not initialized, but the project is compiling for an FPU. Please initialize the FPU before use." [-Wcpp]
   23 |   #warning "FPU is not initialized, but the project is compiling for an FPU. Please initialize the FPU before use."
      |    ^~~~~~~
../Src/main.c: In function 'main':
../Src/main.c:31:1: error: expected identifier before '}' token
   31 | }
      | ^
make: *** [Src/subdir.mk:25: Src/main.o] Error 1
"make -j9 all" terminated with exit code 2. Build might be incomplete.
21:13:25 **** Incremental Build of configuration Debug for project AccensioneLED_1 ****
make -j9 all 
arm-none-eabi-size  AccensioneLED_1.elf 
   text	   data	    bss	    dec	    hex	filename
    736	      0	   1568	   2304	    900	AccensioneLED_1.elf
Finished building: default.size.stdout
 
21:13:25 **** Incremental Build of configuration Debug for project FLICKER_LED_2 ****
make -j9 all 
arm-none-eabi-size  FLICKER_LED_2.elf 
   text	   data	    bss	    dec	    hex	filename
    808	      0	   1568	   2376	    948	FLICKER_LED_2.elf
Finished building: default.size.stdout
 
21:13:25 **** Incremental Build of configuration Debug for project HEADER_1 ****
make -j9 all 
arm-none-eabi-gcc "../Src/main.c" -mcpu=cortex-m4 -std=gnu11 -g3 -DDEBUG -DSTM32F303VCTx -DSTM32 -DSTM32F3 -DSTM32F3DISCOVERY -c -I"/Users/matteorusso/STM32CubeIDE/workspace_2.2.0/workspace/HEADER_1/Drivers/CMSIS/Include" -I"/Users/matteorusso/STM32CubeIDE/workspace_2.2.0/workspace/HEADER_1/Drivers/CMSIS/Device/ST/STM32F3xx/Include" -I../Inc -O0 -ffunction-sections -fdata-sections -Wall -fstack-usage -fcyclomatic-complexity -MMD -MP -MF"Src/main.d" -MT"Src/main.o" --specs=nano.specs -mfpu=fpv4-sp-d16 -mfloat-abi=hard -mthumb -o "Src/main.o"
../Src/main.c:23:4: warning: #warning "FPU is not initialized, but the project is compiling for an FPU. Please initialize the FPU before use." [-Wcpp]
   23 |   #warning "FPU is not initialized, but the project is compiling for an FPU. Please initialize the FPU before use."
      |    ^~~~~~~
../Src/main.c: In function 'main':
../Src/main.c:31:1: error: expected identifier before '}' token
   31 | }
      | ^
make: *** [Src/subdir.mk:25: Src/main.o] Error 1
"make -j9 all" terminated with exit code 2. Build might be incomplete.
21:14:34 **** Incremental Build of configuration Debug for project AccensioneLED_1 ****
make -j9 all 
arm-none-eabi-size  AccensioneLED_1.elf 
   text	   data	    bss	    dec	    hex	filename
    736	      0	   1568	   2304	    900	AccensioneLED_1.elf
Finished building: default.size.stdout
 
21:14:34 **** Incremental Build of configuration Debug for project FLICKER_LED_2 ****
make -j9 all 
arm-none-eabi-gcc "../Src/main.c" -mcpu=cortex-m4 -std=gnu11 -g3 -DDEBUG -DSTM32F303VCTx -DSTM32 -DSTM32F3 -DSTM32F3DISCOVERY -c -I../Inc -O0 -ffunction-sections -fdata-sections -Wall -fstack-usage -fcyclomatic-complexity -MMD -MP -MF"Src/main.d" -MT"Src/main.o" --specs=nano.specs -mfpu=fpv4-sp-d16 -mfloat-abi=hard -mthumb -o "Src/main.o"
../Src/main.c:3:6: warning: return type of 'main' is not 'int' [-Wmain]
    3 | void main(void) {
      |      ^~~~
arm-none-eabi-gcc -o "FLICKER_LED_2.elf" @"objects.list"   -mcpu=cortex-m4 -T"/Users/matteorusso/STM32CubeIDE/workspace_2.2.0/workspace/FLICKER_LED_2/STM32F303VCTX_FLASH.ld" --specs=nosys.specs -Wl,-Map="FLICKER_LED_2.map" -Wl,--gc-sections -static --specs=nano.specs -mfpu=fpv4-sp-d16 -mfloat-abi=hard -mthumb -Wl,--start-group -lc -lm -Wl,--end-group
Finished building target: FLICKER_LED_2.elf
 
arm-none-eabi-size  FLICKER_LED_2.elf 
arm-none-eabi-objdump -h -S FLICKER_LED_2.elf  > "FLICKER_LED_2.list"
   text	   data	    bss	    dec	    hex	filename
    808	      0	   1568	   2376	    948	FLICKER_LED_2.elf
Finished building: default.size.stdout
 
Finished building: FLICKER_LED_2.list
 
21:14:34 **** Incremental Build of configuration Debug for project HEADER_1 ****
make -j9 all 
arm-none-eabi-gcc "../Src/main.c" -mcpu=cortex-m4 -std=gnu11 -g3 -DDEBUG -DSTM32F303VCTx -DSTM32 -DSTM32F3 -DSTM32F3DISCOVERY -c -I"/Users/matteorusso/STM32CubeIDE/workspace_2.2.0/workspace/HEADER_1/Drivers/CMSIS/Include" -I"/Users/matteorusso/STM32CubeIDE/workspace_2.2.0/workspace/HEADER_1/Drivers/CMSIS/Device/ST/STM32F3xx/Include" -I../Inc -O0 -ffunction-sections -fdata-sections -Wall -fstack-usage -fcyclomatic-complexity -MMD -MP -MF"Src/main.d" -MT"Src/main.o" --specs=nano.specs -mfpu=fpv4-sp-d16 -mfloat-abi=hard -mthumb -o "Src/main.o"
../Src/main.c:23:4: warning: #warning "FPU is not initialized, but the project is compiling for an FPU. Please initialize the FPU before use." [-Wcpp]
   23 |   #warning "FPU is not initialized, but the project is compiling for an FPU. Please initialize the FPU before use."
      |    ^~~~~~~
../Src/main.c: In function 'main':
../Src/main.c:31:1: error: expected identifier before '}' token
   31 | }
      | ^
make: *** [Src/subdir.mk:25: Src/main.o] Error 1
"make -j9 all" terminated with exit code 2. Build might be incomplete.
21:15:56 **** Incremental Build of configuration Debug for project AccensioneLED_1 ****
make -j9 all 
arm-none-eabi-size  AccensioneLED_1.elf 
   text	   data	    bss	    dec	    hex	filename
    736	      0	   1568	   2304	    900	AccensioneLED_1.elf
Finished building: default.size.stdout
 
21:15:56 **** Incremental Build of configuration Debug for project FLICKER_LED_2 ****
make -j9 all 
arm-none-eabi-size  FLICKER_LED_2.elf 
   text	   data	    bss	    dec	    hex	filename
    808	      0	   1568	   2376	    948	FLICKER_LED_2.elf
Finished building: default.size.stdout
 
21:15:56 **** Incremental Build of configuration Debug for project HEADER_1 ****
make -j9 all 
arm-none-eabi-gcc "../Src/main.c" -mcpu=cortex-m4 -std=gnu11 -g3 -DDEBUG -DSTM32F303VCTx -DSTM32 -DSTM32F3 -DSTM32F3DISCOVERY -c -I"/Users/matteorusso/STM32CubeIDE/workspace_2.2.0/workspace/HEADER_1/Drivers/CMSIS/Include" -I"/Users/matteorusso/STM32CubeIDE/workspace_2.2.0/workspace/HEADER_1/Drivers/CMSIS/Device/ST/STM32F3xx/Include" -I../Inc -O0 -ffunction-sections -fdata-sections -Wall -fstack-usage -fcyclomatic-complexity -MMD -MP -MF"Src/main.d" -MT"Src/main.o" --specs=nano.specs -mfpu=fpv4-sp-d16 -mfloat-abi=hard -mthumb -o "Src/main.o"
../Src/main.c:23:4: warning: #warning "FPU is not initialized, but the project is compiling for an FPU. Please initialize the FPU before use." [-Wcpp]
   23 |   #warning "FPU is not initialized, but the project is compiling for an FPU. Please initialize the FPU before use."
      |    ^~~~~~~
../Src/main.c: In function 'main':
../Src/main.c:31:1: error: expected identifier before '}' token
   31 | }
      | ^
make: *** [Src/subdir.mk:25: Src/main.o] Error 1
"make -j9 all" terminated with exit code 2. Build might be incomplete.
22:21:26 **** Incremental Build of configuration Debug for project HEADER_1 ****
make -j9 all 
arm-none-eabi-gcc "../Src/main.c" -mcpu=cortex-m4 -std=gnu11 -g3 -DDEBUG -DSTM32F303VCTx -DSTM32 -DSTM32F3 -DSTM32F3DISCOVERY -c -I"/Users/matteorusso/STM32CubeIDE/workspace_2.2.0/workspace/HEADER_1/Drivers/CMSIS/Include" -I"/Users/matteorusso/STM32CubeIDE/workspace_2.2.0/workspace/HEADER_1/Drivers/CMSIS/Device/ST/STM32F3xx/Include" -I../Inc -O0 -ffunction-sections -fdata-sections -Wall -fstack-usage -fcyclomatic-complexity -MMD -MP -MF"Src/main.d" -MT"Src/main.o" --specs=nano.specs -mfpu=fpv4-sp-d16 -mfloat-abi=hard -mthumb -o "Src/main.o"
../Src/main.c:23:4: warning: #warning "FPU is not initialized, but the project is compiling for an FPU. Please initialize the FPU before use." [-Wcpp]
   23 |   #warning "FPU is not initialized, but the project is compiling for an FPU. Please initialize the FPU before use."
      |    ^~~~~~~
../Src/main.c: In function 'main':
../Src/main.c:31:1: error: expected identifier before '}' token
   31 | }
      | ^
make: *** [Src/subdir.mk:25: Src/main.o] Error 1
"make -j9 all" terminated with exit code 2. Build might be incomplete.
22:22:53 **** Building Selected Files of configuration Debug for project HEADER_1 ****
Info: Internal Builder is used for build
arm-none-eabi-gcc ../Src/main.c -mcpu=cortex-m4 -std=gnu11 -g3 -DDEBUG -DSTM32F303VCTx -DSTM32 -DSTM32F3 -DSTM32F3DISCOVERY -c -I/Users/matteorusso/STM32CubeIDE/workspace_2.2.0/workspace/HEADER_1/Drivers/CMSIS/Include -I/Users/matteorusso/STM32CubeIDE/workspace_2.2.0/workspace/HEADER_1/Drivers/CMSIS/Device/ST/STM32F3xx/Include -I../Inc -O0 -ffunction-sections -fdata-sections -Wall -fstack-usage -fcyclomatic-complexity --specs=nano.specs -mfpu=fpv4-sp-d16 -mfloat-abi=hard -mthumb -o Src/main.o 
../Src/main.c:3:6: warning: return type of 'main' is not 'int' [-Wmain]
    3 | void main(void) {
      |      ^~~~
../Src/main.c: In function 'main':
../Src/main.c:17:30: error: expected expression before '=' token
   17 |                 GPIOE->ODR & =~(1<<11);
      |                              ^
22:23:15 **** Building Selected Files of configuration Debug for project HEADER_1 ****
Info: Internal Builder is used for build
arm-none-eabi-gcc ../Src/main.c -mcpu=cortex-m4 -std=gnu11 -g3 -DDEBUG -DSTM32F303VCTx -DSTM32 -DSTM32F3 -DSTM32F3DISCOVERY -c -I/Users/matteorusso/STM32CubeIDE/workspace_2.2.0/workspace/HEADER_1/Drivers/CMSIS/Include -I/Users/matteorusso/STM32CubeIDE/workspace_2.2.0/workspace/HEADER_1/Drivers/CMSIS/Device/ST/STM32F3xx/Include -I../Inc -O0 -ffunction-sections -fdata-sections -Wall -fstack-usage -fcyclomatic-complexity --specs=nano.specs -mfpu=fpv4-sp-d16 -mfloat-abi=hard -mthumb -o Src/main.o 
../Src/main.c:3:6: warning: return type of 'main' is not 'int' [-Wmain]
    3 | void main(void) {
      |      ^~~~
22:23:47 **** Incremental Build of configuration Debug for project HEADER_1 ****
make -j9 all 
arm-none-eabi-gcc "../Src/main.c" -mcpu=cortex-m4 -std=gnu11 -g3 -DDEBUG -DSTM32F303VCTx -DSTM32 -DSTM32F3 -DSTM32F3DISCOVERY -c -I"/Users/matteorusso/STM32CubeIDE/workspace_2.2.0/workspace/HEADER_1/Drivers/CMSIS/Include" -I"/Users/matteorusso/STM32CubeIDE/workspace_2.2.0/workspace/HEADER_1/Drivers/CMSIS/Device/ST/STM32F3xx/Include" -I../Inc -O0 -ffunction-sections -fdata-sections -Wall -fstack-usage -fcyclomatic-complexity -MMD -MP -MF"Src/main.d" -MT"Src/main.o" --specs=nano.specs -mfpu=fpv4-sp-d16 -mfloat-abi=hard -mthumb -o "Src/main.o"
../Src/main.c:3:6: warning: return type of 'main' is not 'int' [-Wmain]
    3 | void main(void) {
      |      ^~~~
arm-none-eabi-gcc -o "HEADER_1.elf" @"objects.list"   -mcpu=cortex-m4 -T"/Users/matteorusso/STM32CubeIDE/workspace_2.2.0/workspace/HEADER_1/STM32F303VCTX_FLASH.ld" --specs=nosys.specs -Wl,-Map="HEADER_1.map" -Wl,--gc-sections -static --specs=nano.specs -mfpu=fpv4-sp-d16 -mfloat-abi=hard -mthumb -Wl,--start-group -lc -lm -Wl,--end-group
Finished building target: HEADER_1.elf
 
arm-none-eabi-size  HEADER_1.elf 
arm-none-eabi-objdump -h -S HEADER_1.elf  > "HEADER_1.list"
   text	   data	    bss	    dec	    hex	filename
    764	      0	   1568	   2332	    91c	HEADER_1.elf
Finished building: default.size.stdout
 
Finished building: HEADER_1.list
 
22:24:17 **** Incremental Build of configuration Debug for project HEADER_1 ****
make -j9 all 
arm-none-eabi-size  HEADER_1.elf 
   text	   data	    bss	    dec	    hex	filename
    764	      0	   1568	   2332	    91c	HEADER_1.elf
Finished building: default.size.stdout
 
22:25:21 **** Incremental Build of configuration Debug for project HEADER_1 ****
make -j9 all 
arm-none-eabi-size  HEADER_1.elf 
   text	   data	    bss	    dec	    hex	filename
    764	      0	   1568	   2332	    91c	HEADER_1.elf
Finished building: default.size.stdout
 
00:29:37 **** Build of configuration Debug for project ESERCIZIO_CONTATORE ****
make -j9 all 
arm-none-eabi-gcc "../Src/main.c" -mcpu=cortex-m4 -std=gnu11 -g3 -DDEBUG -DSTM32F303VCTx -DSTM32 -DSTM32F3 -DSTM32F3DISCOVERY -c -I"/Users/matteorusso/STM32CubeIDE/workspace_2.2.0/workspace/ESERCIZIO_CONTATORE/Drivers/CMSIS/Include" -I"/Users/matteorusso/STM32CubeIDE/workspace_2.2.0/workspace/ESERCIZIO_CONTATORE/Drivers/CMSIS/Device/ST/STM32F3xx/Include" -I../Inc -O0 -ffunction-sections -fdata-sections -Wall -fstack-usage -fcyclomatic-complexity -MMD -MP -MF"Src/main.d" -MT"Src/main.o" --specs=nano.specs -mfpu=fpv4-sp-d16 -mfloat-abi=hard -mthumb -o "Src/main.o"
arm-none-eabi-gcc "../Src/syscalls.c" -mcpu=cortex-m4 -std=gnu11 -g3 -DDEBUG -DSTM32F303VCTx -DSTM32 -DSTM32F3 -DSTM32F3DISCOVERY -c -I"/Users/matteorusso/STM32CubeIDE/workspace_2.2.0/workspace/ESERCIZIO_CONTATORE/Drivers/CMSIS/Include" -I"/Users/matteorusso/STM32CubeIDE/workspace_2.2.0/workspace/ESERCIZIO_CONTATORE/Drivers/CMSIS/Device/ST/STM32F3xx/Include" -I../Inc -O0 -ffunction-sections -fdata-sections -Wall -fstack-usage -fcyclomatic-complexity -MMD -MP -MF"Src/syscalls.d" -MT"Src/syscalls.o" --specs=nano.specs -mfpu=fpv4-sp-d16 -mfloat-abi=hard -mthumb -o "Src/syscalls.o"
arm-none-eabi-gcc "../Src/sysmem.c" -mcpu=cortex-m4 -std=gnu11 -g3 -DDEBUG -DSTM32F303VCTx -DSTM32 -DSTM32F3 -DSTM32F3DISCOVERY -c -I"/Users/matteorusso/STM32CubeIDE/workspace_2.2.0/workspace/ESERCIZIO_CONTATORE/Drivers/CMSIS/Include" -I"/Users/matteorusso/STM32CubeIDE/workspace_2.2.0/workspace/ESERCIZIO_CONTATORE/Drivers/CMSIS/Device/ST/STM32F3xx/Include" -I../Inc -O0 -ffunction-sections -fdata-sections -Wall -fstack-usage -fcyclomatic-complexity -MMD -MP -MF"Src/sysmem.d" -MT"Src/sysmem.o" --specs=nano.specs -mfpu=fpv4-sp-d16 -mfloat-abi=hard -mthumb -o "Src/sysmem.o"
../Src/main.c:3:6: warning: return type of 'main' is not 'int' [-Wmain]
    3 | void main(void) {
      |      ^~~~
arm-none-eabi-gcc -o "ESERCIZIO_CONTATORE.elf" @"objects.list"   -mcpu=cortex-m4 -T"/Users/matteorusso/STM32CubeIDE/workspace_2.2.0/workspace/ESERCIZIO_CONTATORE/STM32F303VCTX_FLASH.ld" --specs=nosys.specs -Wl,-Map="ESERCIZIO_CONTATORE.map" -Wl,--gc-sections -static --specs=nano.specs -mfpu=fpv4-sp-d16 -mfloat-abi=hard -mthumb -Wl,--start-group -lc -lm -Wl,--end-group
Finished building target: ESERCIZIO_CONTATORE.elf
 
arm-none-eabi-size  ESERCIZIO_CONTATORE.elf 
arm-none-eabi-objdump -h -S ESERCIZIO_CONTATORE.elf  > "ESERCIZIO_CONTATORE.list"
   text	   data	    bss	    dec	    hex	filename
    940	      0	   1568	   2508	    9cc	ESERCIZIO_CONTATORE.elf
Finished building: default.size.stdout
 
Finished building: ESERCIZIO_CONTATORE.list
 
00:31:27 **** Incremental Build of configuration Debug for project ESERCIZIO_CONTATORE ****
make -j9 all 
arm-none-eabi-gcc "../Src/main.c" -mcpu=cortex-m4 -std=gnu11 -g3 -DDEBUG -DSTM32F303VCTx -DSTM32 -DSTM32F3 -DSTM32F3DISCOVERY -c -I"/Users/matteorusso/STM32CubeIDE/workspace_2.2.0/workspace/ESERCIZIO_CONTATORE/Drivers/CMSIS/Include" -I"/Users/matteorusso/STM32CubeIDE/workspace_2.2.0/workspace/ESERCIZIO_CONTATORE/Drivers/CMSIS/Device/ST/STM32F3xx/Include" -I../Inc -O0 -ffunction-sections -fdata-sections -Wall -fstack-usage -fcyclomatic-complexity -MMD -MP -MF"Src/main.d" -MT"Src/main.o" --specs=nano.specs -mfpu=fpv4-sp-d16 -mfloat-abi=hard -mthumb -o "Src/main.o"
arm-none-eabi-gcc "../Src/syscalls.c" -mcpu=cortex-m4 -std=gnu11 -g3 -DDEBUG -DSTM32F303VCTx -DSTM32 -DSTM32F3 -DSTM32F3DISCOVERY -c -I"/Users/matteorusso/STM32CubeIDE/workspace_2.2.0/workspace/ESERCIZIO_CONTATORE/Drivers/CMSIS/Include" -I"/Users/matteorusso/STM32CubeIDE/workspace_2.2.0/workspace/ESERCIZIO_CONTATORE/Drivers/CMSIS/Device/ST/STM32F3xx/Include" -I../Inc -O0 -ffunction-sections -fdata-sections -Wall -fstack-usage -fcyclomatic-complexity -MMD -MP -MF"Src/syscalls.d" -MT"Src/syscalls.o" --specs=nano.specs -mfpu=fpv4-sp-d16 -mfloat-abi=hard -mthumb -o "Src/syscalls.o"
arm-none-eabi-gcc "../Src/sysmem.c" -mcpu=cortex-m4 -std=gnu11 -g3 -DDEBUG -DSTM32F303VCTx -DSTM32 -DSTM32F3 -DSTM32F3DISCOVERY -c -I"/Users/matteorusso/STM32CubeIDE/workspace_2.2.0/workspace/ESERCIZIO_CONTATORE/Drivers/CMSIS/Include" -I"/Users/matteorusso/STM32CubeIDE/workspace_2.2.0/workspace/ESERCIZIO_CONTATORE/Drivers/CMSIS/Device/ST/STM32F3xx/Include" -I../Inc -O0 -ffunction-sections -fdata-sections -Wall -fstack-usage -fcyclomatic-complexity -MMD -MP -MF"Src/sysmem.d" -MT"Src/sysmem.o" --specs=nano.specs -mfpu=fpv4-sp-d16 -mfloat-abi=hard -mthumb -o "Src/sysmem.o"
arm-none-eabi-gcc -o "ESERCIZIO_CONTATORE.elf" @"objects.list"   -mcpu=cortex-m4 -T"/Users/matteorusso/STM32CubeIDE/workspace_2.2.0/workspace/ESERCIZIO_CONTATORE/STM32F303VCTX_FLASH.ld" --specs=nosys.specs -Wl,-Map="ESERCIZIO_CONTATORE.map" -Wl,--gc-sections -static --specs=nano.specs -mfpu=fpv4-sp-d16 -mfloat-abi=hard -mthumb -Wl,--start-group -lc -lm -Wl,--end-group
Finished building target: ESERCIZIO_CONTATORE.elf
 
arm-none-eabi-size  ESERCIZIO_CONTATORE.elf 
arm-none-eabi-objdump -h -S ESERCIZIO_CONTATORE.elf  > "ESERCIZIO_CONTATORE.list"
   text	   data	    bss	    dec	    hex	filename
    940	      0	   1568	   2508	    9cc	ESERCIZIO_CONTATORE.elf
Finished building: default.size.stdout
 
Finished building: ESERCIZIO_CONTATORE.list
 
00:44:54 **** Incremental Build of configuration Debug for project ESERCIZIO_CONTATORE ****
make -j9 all 
arm-none-eabi-gcc "../Src/main.c" -mcpu=cortex-m4 -std=gnu11 -g3 -DDEBUG -DSTM32F303VCTx -DSTM32 -DSTM32F3 -DSTM32F3DISCOVERY -c -I"/Users/matteorusso/STM32CubeIDE/workspace_2.2.0/workspace/ESERCIZIO_CONTATORE/Drivers/CMSIS/Include" -I"/Users/matteorusso/STM32CubeIDE/workspace_2.2.0/workspace/ESERCIZIO_CONTATORE/Drivers/CMSIS/Device/ST/STM32F3xx/Include" -I../Inc -O0 -ffunction-sections -fdata-sections -Wall -fstack-usage -fcyclomatic-complexity -MMD -MP -MF"Src/main.d" -MT"Src/main.o" --specs=nano.specs -mfpu=fpv4-sp-d16 -mfloat-abi=hard -mthumb -o "Src/main.o"
arm-none-eabi-gcc "../Src/syscalls.c" -mcpu=cortex-m4 -std=gnu11 -g3 -DDEBUG -DSTM32F303VCTx -DSTM32 -DSTM32F3 -DSTM32F3DISCOVERY -c -I"/Users/matteorusso/STM32CubeIDE/workspace_2.2.0/workspace/ESERCIZIO_CONTATORE/Drivers/CMSIS/Include" -I"/Users/matteorusso/STM32CubeIDE/workspace_2.2.0/workspace/ESERCIZIO_CONTATORE/Drivers/CMSIS/Device/ST/STM32F3xx/Include" -I../Inc -O0 -ffunction-sections -fdata-sections -Wall -fstack-usage -fcyclomatic-complexity -MMD -MP -MF"Src/syscalls.d" -MT"Src/syscalls.o" --specs=nano.specs -mfpu=fpv4-sp-d16 -mfloat-abi=hard -mthumb -o "Src/syscalls.o"
arm-none-eabi-gcc "../Src/sysmem.c" -mcpu=cortex-m4 -std=gnu11 -g3 -DDEBUG -DSTM32F303VCTx -DSTM32 -DSTM32F3 -DSTM32F3DISCOVERY -c -I"/Users/matteorusso/STM32CubeIDE/workspace_2.2.0/workspace/ESERCIZIO_CONTATORE/Drivers/CMSIS/Include" -I"/Users/matteorusso/STM32CubeIDE/workspace_2.2.0/workspace/ESERCIZIO_CONTATORE/Drivers/CMSIS/Device/ST/STM32F3xx/Include" -I../Inc -O0 -ffunction-sections -fdata-sections -Wall -fstack-usage -fcyclomatic-complexity -MMD -MP -MF"Src/sysmem.d" -MT"Src/sysmem.o" --specs=nano.specs -mfpu=fpv4-sp-d16 -mfloat-abi=hard -mthumb -o "Src/sysmem.o"
arm-none-eabi-gcc -o "ESERCIZIO_CONTATORE.elf" @"objects.list"   -mcpu=cortex-m4 -T"/Users/matteorusso/STM32CubeIDE/workspace_2.2.0/workspace/ESERCIZIO_CONTATORE/STM32F303VCTX_FLASH.ld" --specs=nosys.specs -Wl,-Map="ESERCIZIO_CONTATORE.map" -Wl,--gc-sections -static --specs=nano.specs -mfpu=fpv4-sp-d16 -mfloat-abi=hard -mthumb -Wl,--start-group -lc -lm -Wl,--end-group
Finished building target: ESERCIZIO_CONTATORE.elf
 
arm-none-eabi-size  ESERCIZIO_CONTATORE.elf 
arm-none-eabi-objdump -h -S ESERCIZIO_CONTATORE.elf  > "ESERCIZIO_CONTATORE.list"
   text	   data	    bss	    dec	    hex	filename
    940	      0	   1568	   2508	    9cc	ESERCIZIO_CONTATORE.elf
Finished building: default.size.stdout
 
Finished building: ESERCIZIO_CONTATORE.list
 
00:53:30 **** Incremental Build of configuration Debug for project ESERCIZIO_CONTATORE ****
make -j9 all 
arm-none-eabi-gcc "../Src/main.c" -mcpu=cortex-m4 -std=gnu11 -g3 -DDEBUG -DSTM32F303VCTx -DSTM32 -DSTM32F3 -DSTM32F3DISCOVERY -c -I"/Users/matteorusso/STM32CubeIDE/workspace_2.2.0/workspace/ESERCIZIO_CONTATORE/Drivers/CMSIS/Include" -I"/Users/matteorusso/STM32CubeIDE/workspace_2.2.0/workspace/ESERCIZIO_CONTATORE/Drivers/CMSIS/Device/ST/STM32F3xx/Include" -I../Inc -O0 -ffunction-sections -fdata-sections -Wall -fstack-usage -fcyclomatic-complexity -MMD -MP -MF"Src/main.d" -MT"Src/main.o" --specs=nano.specs -mfpu=fpv4-sp-d16 -mfloat-abi=hard -mthumb -o "Src/main.o"
arm-none-eabi-gcc "../Src/syscalls.c" -mcpu=cortex-m4 -std=gnu11 -g3 -DDEBUG -DSTM32F303VCTx -DSTM32 -DSTM32F3 -DSTM32F3DISCOVERY -c -I"/Users/matteorusso/STM32CubeIDE/workspace_2.2.0/workspace/ESERCIZIO_CONTATORE/Drivers/CMSIS/Include" -I"/Users/matteorusso/STM32CubeIDE/workspace_2.2.0/workspace/ESERCIZIO_CONTATORE/Drivers/CMSIS/Device/ST/STM32F3xx/Include" -I../Inc -O0 -ffunction-sections -fdata-sections -Wall -fstack-usage -fcyclomatic-complexity -MMD -MP -MF"Src/syscalls.d" -MT"Src/syscalls.o" --specs=nano.specs -mfpu=fpv4-sp-d16 -mfloat-abi=hard -mthumb -o "Src/syscalls.o"
arm-none-eabi-gcc "../Src/sysmem.c" -mcpu=cortex-m4 -std=gnu11 -g3 -DDEBUG -DSTM32F303VCTx -DSTM32 -DSTM32F3 -DSTM32F3DISCOVERY -c -I"/Users/matteorusso/STM32CubeIDE/workspace_2.2.0/workspace/ESERCIZIO_CONTATORE/Drivers/CMSIS/Include" -I"/Users/matteorusso/STM32CubeIDE/workspace_2.2.0/workspace/ESERCIZIO_CONTATORE/Drivers/CMSIS/Device/ST/STM32F3xx/Include" -I../Inc -O0 -ffunction-sections -fdata-sections -Wall -fstack-usage -fcyclomatic-complexity -MMD -MP -MF"Src/sysmem.d" -MT"Src/sysmem.o" --specs=nano.specs -mfpu=fpv4-sp-d16 -mfloat-abi=hard -mthumb -o "Src/sysmem.o"
arm-none-eabi-gcc -o "ESERCIZIO_CONTATORE.elf" @"objects.list"   -mcpu=cortex-m4 -T"/Users/matteorusso/STM32CubeIDE/workspace_2.2.0/workspace/ESERCIZIO_CONTATORE/STM32F303VCTX_FLASH.ld" --specs=nosys.specs -Wl,-Map="ESERCIZIO_CONTATORE.map" -Wl,--gc-sections -static --specs=nano.specs -mfpu=fpv4-sp-d16 -mfloat-abi=hard -mthumb -Wl,--start-group -lc -lm -Wl,--end-group
Finished building target: ESERCIZIO_CONTATORE.elf
 
arm-none-eabi-size  ESERCIZIO_CONTATORE.elf 
arm-none-eabi-objdump -h -S ESERCIZIO_CONTATORE.elf  > "ESERCIZIO_CONTATORE.list"
   text	   data	    bss	    dec	    hex	filename
    940	      0	   1568	   2508	    9cc	ESERCIZIO_CONTATORE.elf
Finished building: default.size.stdout
 
Finished building: ESERCIZIO_CONTATORE.list
 
00:54:02 **** Incremental Build of configuration Debug for project ESERCIZIO_CONTATORE ****
make -j9 all 
arm-none-eabi-gcc "../Src/main.c" -mcpu=cortex-m4 -std=gnu11 -g3 -DDEBUG -DSTM32F303VCTx -DSTM32 -DSTM32F3 -DSTM32F3DISCOVERY -c -I"/Users/matteorusso/STM32CubeIDE/workspace_2.2.0/workspace/ESERCIZIO_CONTATORE/Drivers/CMSIS/Include" -I"/Users/matteorusso/STM32CubeIDE/workspace_2.2.0/workspace/ESERCIZIO_CONTATORE/Drivers/CMSIS/Device/ST/STM32F3xx/Include" -I../Inc -O0 -ffunction-sections -fdata-sections -Wall -fstack-usage -fcyclomatic-complexity -MMD -MP -MF"Src/main.d" -MT"Src/main.o" --specs=nano.specs -mfpu=fpv4-sp-d16 -mfloat-abi=hard -mthumb -o "Src/main.o"
arm-none-eabi-gcc "../Src/syscalls.c" -mcpu=cortex-m4 -std=gnu11 -g3 -DDEBUG -DSTM32F303VCTx -DSTM32 -DSTM32F3 -DSTM32F3DISCOVERY -c -I"/Users/matteorusso/STM32CubeIDE/workspace_2.2.0/workspace/ESERCIZIO_CONTATORE/Drivers/CMSIS/Include" -I"/Users/matteorusso/STM32CubeIDE/workspace_2.2.0/workspace/ESERCIZIO_CONTATORE/Drivers/CMSIS/Device/ST/STM32F3xx/Include" -I../Inc -O0 -ffunction-sections -fdata-sections -Wall -fstack-usage -fcyclomatic-complexity -MMD -MP -MF"Src/syscalls.d" -MT"Src/syscalls.o" --specs=nano.specs -mfpu=fpv4-sp-d16 -mfloat-abi=hard -mthumb -o "Src/syscalls.o"
arm-none-eabi-gcc "../Src/sysmem.c" -mcpu=cortex-m4 -std=gnu11 -g3 -DDEBUG -DSTM32F303VCTx -DSTM32 -DSTM32F3 -DSTM32F3DISCOVERY -c -I"/Users/matteorusso/STM32CubeIDE/workspace_2.2.0/workspace/ESERCIZIO_CONTATORE/Drivers/CMSIS/Include" -I"/Users/matteorusso/STM32CubeIDE/workspace_2.2.0/workspace/ESERCIZIO_CONTATORE/Drivers/CMSIS/Device/ST/STM32F3xx/Include" -I../Inc -O0 -ffunction-sections -fdata-sections -Wall -fstack-usage -fcyclomatic-complexity -MMD -MP -MF"Src/sysmem.d" -MT"Src/sysmem.o" --specs=nano.specs -mfpu=fpv4-sp-d16 -mfloat-abi=hard -mthumb -o "Src/sysmem.o"
arm-none-eabi-gcc -o "ESERCIZIO_CONTATORE.elf" @"objects.list"   -mcpu=cortex-m4 -T"/Users/matteorusso/STM32CubeIDE/workspace_2.2.0/workspace/ESERCIZIO_CONTATORE/STM32F303VCTX_FLASH.ld" --specs=nosys.specs -Wl,-Map="ESERCIZIO_CONTATORE.map" -Wl,--gc-sections -static --specs=nano.specs -mfpu=fpv4-sp-d16 -mfloat-abi=hard -mthumb -Wl,--start-group -lc -lm -Wl,--end-group
Finished building target: ESERCIZIO_CONTATORE.elf
 
arm-none-eabi-size  ESERCIZIO_CONTATORE.elf 
arm-none-eabi-objdump -h -S ESERCIZIO_CONTATORE.elf  > "ESERCIZIO_CONTATORE.list"
   text	   data	    bss	    dec	    hex	filename
    940	      0	   1568	   2508	    9cc	ESERCIZIO_CONTATORE.elf
Finished building: default.size.stdout
 
Finished building: ESERCIZIO_CONTATORE.list
 
00:55:23 **** Incremental Build of configuration Debug for project ESERCIZIO_CONTATORE ****
make -j9 all 
arm-none-eabi-gcc "../Src/main.c" -mcpu=cortex-m4 -std=gnu11 -g3 -DDEBUG -DSTM32F303VCTx -DSTM32 -DSTM32F3 -DSTM32F3DISCOVERY -c -I"/Users/matteorusso/STM32CubeIDE/workspace_2.2.0/workspace/ESERCIZIO_CONTATORE/Drivers/CMSIS/Include" -I"/Users/matteorusso/STM32CubeIDE/workspace_2.2.0/workspace/ESERCIZIO_CONTATORE/Drivers/CMSIS/Device/ST/STM32F3xx/Include" -I../Inc -O0 -ffunction-sections -fdata-sections -Wall -fstack-usage -fcyclomatic-complexity -MMD -MP -MF"Src/main.d" -MT"Src/main.o" --specs=nano.specs -mfpu=fpv4-sp-d16 -mfloat-abi=hard -mthumb -o "Src/main.o"
arm-none-eabi-gcc "../Src/syscalls.c" -mcpu=cortex-m4 -std=gnu11 -g3 -DDEBUG -DSTM32F303VCTx -DSTM32 -DSTM32F3 -DSTM32F3DISCOVERY -c -I"/Users/matteorusso/STM32CubeIDE/workspace_2.2.0/workspace/ESERCIZIO_CONTATORE/Drivers/CMSIS/Include" -I"/Users/matteorusso/STM32CubeIDE/workspace_2.2.0/workspace/ESERCIZIO_CONTATORE/Drivers/CMSIS/Device/ST/STM32F3xx/Include" -I../Inc -O0 -ffunction-sections -fdata-sections -Wall -fstack-usage -fcyclomatic-complexity -MMD -MP -MF"Src/syscalls.d" -MT"Src/syscalls.o" --specs=nano.specs -mfpu=fpv4-sp-d16 -mfloat-abi=hard -mthumb -o "Src/syscalls.o"
arm-none-eabi-gcc "../Src/sysmem.c" -mcpu=cortex-m4 -std=gnu11 -g3 -DDEBUG -DSTM32F303VCTx -DSTM32 -DSTM32F3 -DSTM32F3DISCOVERY -c -I"/Users/matteorusso/STM32CubeIDE/workspace_2.2.0/workspace/ESERCIZIO_CONTATORE/Drivers/CMSIS/Include" -I"/Users/matteorusso/STM32CubeIDE/workspace_2.2.0/workspace/ESERCIZIO_CONTATORE/Drivers/CMSIS/Device/ST/STM32F3xx/Include" -I../Inc -O0 -ffunction-sections -fdata-sections -Wall -fstack-usage -fcyclomatic-complexity -MMD -MP -MF"Src/sysmem.d" -MT"Src/sysmem.o" --specs=nano.specs -mfpu=fpv4-sp-d16 -mfloat-abi=hard -mthumb -o "Src/sysmem.o"
arm-none-eabi-gcc -o "ESERCIZIO_CONTATORE.elf" @"objects.list"   -mcpu=cortex-m4 -T"/Users/matteorusso/STM32CubeIDE/workspace_2.2.0/workspace/ESERCIZIO_CONTATORE/STM32F303VCTX_FLASH.ld" --specs=nosys.specs -Wl,-Map="ESERCIZIO_CONTATORE.map" -Wl,--gc-sections -static --specs=nano.specs -mfpu=fpv4-sp-d16 -mfloat-abi=hard -mthumb -Wl,--start-group -lc -lm -Wl,--end-group
Finished building target: ESERCIZIO_CONTATORE.elf
 
arm-none-eabi-size  ESERCIZIO_CONTATORE.elf 
arm-none-eabi-objdump -h -S ESERCIZIO_CONTATORE.elf  > "ESERCIZIO_CONTATORE.list"
   text	   data	    bss	    dec	    hex	filename
    940	      0	   1568	   2508	    9cc	ESERCIZIO_CONTATORE.elf
Finished building: default.size.stdout
 
Finished building: ESERCIZIO_CONTATORE.list
 
00:56:18 **** Incremental Build of configuration Debug for project ESERCIZIO_CONTATORE ****
make -j9 all 
arm-none-eabi-gcc "../Src/main.c" -mcpu=cortex-m4 -std=gnu11 -g3 -DDEBUG -DSTM32F303VCTx -DSTM32 -DSTM32F3 -DSTM32F3DISCOVERY -c -I"/Users/matteorusso/STM32CubeIDE/workspace_2.2.0/workspace/ESERCIZIO_CONTATORE/Drivers/CMSIS/Include" -I"/Users/matteorusso/STM32CubeIDE/workspace_2.2.0/workspace/ESERCIZIO_CONTATORE/Drivers/CMSIS/Device/ST/STM32F3xx/Include" -I../Inc -O0 -ffunction-sections -fdata-sections -Wall -fstack-usage -fcyclomatic-complexity -MMD -MP -MF"Src/main.d" -MT"Src/main.o" --specs=nano.specs -mfpu=fpv4-sp-d16 -mfloat-abi=hard -mthumb -o "Src/main.o"
arm-none-eabi-gcc "../Src/syscalls.c" -mcpu=cortex-m4 -std=gnu11 -g3 -DDEBUG -DSTM32F303VCTx -DSTM32 -DSTM32F3 -DSTM32F3DISCOVERY -c -I"/Users/matteorusso/STM32CubeIDE/workspace_2.2.0/workspace/ESERCIZIO_CONTATORE/Drivers/CMSIS/Include" -I"/Users/matteorusso/STM32CubeIDE/workspace_2.2.0/workspace/ESERCIZIO_CONTATORE/Drivers/CMSIS/Device/ST/STM32F3xx/Include" -I../Inc -O0 -ffunction-sections -fdata-sections -Wall -fstack-usage -fcyclomatic-complexity -MMD -MP -MF"Src/syscalls.d" -MT"Src/syscalls.o" --specs=nano.specs -mfpu=fpv4-sp-d16 -mfloat-abi=hard -mthumb -o "Src/syscalls.o"
arm-none-eabi-gcc "../Src/sysmem.c" -mcpu=cortex-m4 -std=gnu11 -g3 -DDEBUG -DSTM32F303VCTx -DSTM32 -DSTM32F3 -DSTM32F3DISCOVERY -c -I"/Users/matteorusso/STM32CubeIDE/workspace_2.2.0/workspace/ESERCIZIO_CONTATORE/Drivers/CMSIS/Include" -I"/Users/matteorusso/STM32CubeIDE/workspace_2.2.0/workspace/ESERCIZIO_CONTATORE/Drivers/CMSIS/Device/ST/STM32F3xx/Include" -I../Inc -O0 -ffunction-sections -fdata-sections -Wall -fstack-usage -fcyclomatic-complexity -MMD -MP -MF"Src/sysmem.d" -MT"Src/sysmem.o" --specs=nano.specs -mfpu=fpv4-sp-d16 -mfloat-abi=hard -mthumb -o "Src/sysmem.o"
arm-none-eabi-gcc -o "ESERCIZIO_CONTATORE.elf" @"objects.list"   -mcpu=cortex-m4 -T"/Users/matteorusso/STM32CubeIDE/workspace_2.2.0/workspace/ESERCIZIO_CONTATORE/STM32F303VCTX_FLASH.ld" --specs=nosys.specs -Wl,-Map="ESERCIZIO_CONTATORE.map" -Wl,--gc-sections -static --specs=nano.specs -mfpu=fpv4-sp-d16 -mfloat-abi=hard -mthumb -Wl,--start-group -lc -lm -Wl,--end-group
Finished building target: ESERCIZIO_CONTATORE.elf
 
arm-none-eabi-size  ESERCIZIO_CONTATORE.elf 
arm-none-eabi-objdump -h -S ESERCIZIO_CONTATORE.elf  > "ESERCIZIO_CONTATORE.list"
   text	   data	    bss	    dec	    hex	filename
    940	      0	   1568	   2508	    9cc	ESERCIZIO_CONTATORE.elf
Finished building: default.size.stdout
 
Finished building: ESERCIZIO_CONTATORE.list
 
00:59:32 **** Incremental Build of configuration Debug for project ESERCIZIO_CONTATORE ****
make -j9 all 
arm-none-eabi-gcc "../Src/main.c" -mcpu=cortex-m4 -std=gnu11 -g3 -DDEBUG -DSTM32F303VCTx -DSTM32 -DSTM32F3 -DSTM32F3DISCOVERY -c -I"/Users/matteorusso/STM32CubeIDE/workspace_2.2.0/workspace/ESERCIZIO_CONTATORE/Drivers/CMSIS/Include" -I"/Users/matteorusso/STM32CubeIDE/workspace_2.2.0/workspace/ESERCIZIO_CONTATORE/Drivers/CMSIS/Device/ST/STM32F3xx/Include" -I../Inc -O0 -ffunction-sections -fdata-sections -Wall -fstack-usage -fcyclomatic-complexity -MMD -MP -MF"Src/main.d" -MT"Src/main.o" --specs=nano.specs -mfpu=fpv4-sp-d16 -mfloat-abi=hard -mthumb -o "Src/main.o"
arm-none-eabi-gcc "../Src/syscalls.c" -mcpu=cortex-m4 -std=gnu11 -g3 -DDEBUG -DSTM32F303VCTx -DSTM32 -DSTM32F3 -DSTM32F3DISCOVERY -c -I"/Users/matteorusso/STM32CubeIDE/workspace_2.2.0/workspace/ESERCIZIO_CONTATORE/Drivers/CMSIS/Include" -I"/Users/matteorusso/STM32CubeIDE/workspace_2.2.0/workspace/ESERCIZIO_CONTATORE/Drivers/CMSIS/Device/ST/STM32F3xx/Include" -I../Inc -O0 -ffunction-sections -fdata-sections -Wall -fstack-usage -fcyclomatic-complexity -MMD -MP -MF"Src/syscalls.d" -MT"Src/syscalls.o" --specs=nano.specs -mfpu=fpv4-sp-d16 -mfloat-abi=hard -mthumb -o "Src/syscalls.o"
arm-none-eabi-gcc "../Src/sysmem.c" -mcpu=cortex-m4 -std=gnu11 -g3 -DDEBUG -DSTM32F303VCTx -DSTM32 -DSTM32F3 -DSTM32F3DISCOVERY -c -I"/Users/matteorusso/STM32CubeIDE/workspace_2.2.0/workspace/ESERCIZIO_CONTATORE/Drivers/CMSIS/Include" -I"/Users/matteorusso/STM32CubeIDE/workspace_2.2.0/workspace/ESERCIZIO_CONTATORE/Drivers/CMSIS/Device/ST/STM32F3xx/Include" -I../Inc -O0 -ffunction-sections -fdata-sections -Wall -fstack-usage -fcyclomatic-complexity -MMD -MP -MF"Src/sysmem.d" -MT"Src/sysmem.o" --specs=nano.specs -mfpu=fpv4-sp-d16 -mfloat-abi=hard -mthumb -o "Src/sysmem.o"
arm-none-eabi-gcc -o "ESERCIZIO_CONTATORE.elf" @"objects.list"   -mcpu=cortex-m4 -T"/Users/matteorusso/STM32CubeIDE/workspace_2.2.0/workspace/ESERCIZIO_CONTATORE/STM32F303VCTX_FLASH.ld" --specs=nosys.specs -Wl,-Map="ESERCIZIO_CONTATORE.map" -Wl,--gc-sections -static --specs=nano.specs -mfpu=fpv4-sp-d16 -mfloat-abi=hard -mthumb -Wl,--start-group -lc -lm -Wl,--end-group
Finished building target: ESERCIZIO_CONTATORE.elf
 
arm-none-eabi-size  ESERCIZIO_CONTATORE.elf 
arm-none-eabi-objdump -h -S ESERCIZIO_CONTATORE.elf  > "ESERCIZIO_CONTATORE.list"
   text	   data	    bss	    dec	    hex	filename
    940	      0	   1568	   2508	    9cc	ESERCIZIO_CONTATORE.elf
Finished building: default.size.stdout
 
Finished building: ESERCIZIO_CONTATORE.list
 
01:04:28 **** Incremental Build of configuration Debug for project ESERCIZIO_CONTATORE ****
make -j9 all 
arm-none-eabi-gcc "../Src/main.c" -mcpu=cortex-m4 -std=gnu11 -g3 -DDEBUG -DSTM32F303VCTx -DSTM32 -DSTM32F3 -DSTM32F3DISCOVERY -c -I"/Users/matteorusso/STM32CubeIDE/workspace_2.2.0/workspace/ESERCIZIO_CONTATORE/Drivers/CMSIS/Include" -I"/Users/matteorusso/STM32CubeIDE/workspace_2.2.0/workspace/ESERCIZIO_CONTATORE/Drivers/CMSIS/Device/ST/STM32F3xx/Include" -I../Inc -O0 -ffunction-sections -fdata-sections -Wall -fstack-usage -fcyclomatic-complexity -MMD -MP -MF"Src/main.d" -MT"Src/main.o" --specs=nano.specs -mfpu=fpv4-sp-d16 -mfloat-abi=hard -mthumb -o "Src/main.o"
arm-none-eabi-gcc "../Src/syscalls.c" -mcpu=cortex-m4 -std=gnu11 -g3 -DDEBUG -DSTM32F303VCTx -DSTM32 -DSTM32F3 -DSTM32F3DISCOVERY -c -I"/Users/matteorusso/STM32CubeIDE/workspace_2.2.0/workspace/ESERCIZIO_CONTATORE/Drivers/CMSIS/Include" -I"/Users/matteorusso/STM32CubeIDE/workspace_2.2.0/workspace/ESERCIZIO_CONTATORE/Drivers/CMSIS/Device/ST/STM32F3xx/Include" -I../Inc -O0 -ffunction-sections -fdata-sections -Wall -fstack-usage -fcyclomatic-complexity -MMD -MP -MF"Src/syscalls.d" -MT"Src/syscalls.o" --specs=nano.specs -mfpu=fpv4-sp-d16 -mfloat-abi=hard -mthumb -o "Src/syscalls.o"
arm-none-eabi-gcc "../Src/sysmem.c" -mcpu=cortex-m4 -std=gnu11 -g3 -DDEBUG -DSTM32F303VCTx -DSTM32 -DSTM32F3 -DSTM32F3DISCOVERY -c -I"/Users/matteorusso/STM32CubeIDE/workspace_2.2.0/workspace/ESERCIZIO_CONTATORE/Drivers/CMSIS/Include" -I"/Users/matteorusso/STM32CubeIDE/workspace_2.2.0/workspace/ESERCIZIO_CONTATORE/Drivers/CMSIS/Device/ST/STM32F3xx/Include" -I../Inc -O0 -ffunction-sections -fdata-sections -Wall -fstack-usage -fcyclomatic-complexity -MMD -MP -MF"Src/sysmem.d" -MT"Src/sysmem.o" --specs=nano.specs -mfpu=fpv4-sp-d16 -mfloat-abi=hard -mthumb -o "Src/sysmem.o"
arm-none-eabi-gcc -o "ESERCIZIO_CONTATORE.elf" @"objects.list"   -mcpu=cortex-m4 -T"/Users/matteorusso/STM32CubeIDE/workspace_2.2.0/workspace/ESERCIZIO_CONTATORE/STM32F303VCTX_FLASH.ld" --specs=nosys.specs -Wl,-Map="ESERCIZIO_CONTATORE.map" -Wl,--gc-sections -static --specs=nano.specs -mfpu=fpv4-sp-d16 -mfloat-abi=hard -mthumb -Wl,--start-group -lc -lm -Wl,--end-group
Finished building target: ESERCIZIO_CONTATORE.elf
 
arm-none-eabi-size  ESERCIZIO_CONTATORE.elf 
arm-none-eabi-objdump -h -S ESERCIZIO_CONTATORE.elf  > "ESERCIZIO_CONTATORE.list"
   text	   data	    bss	    dec	    hex	filename
    940	      0	   1568	   2508	    9cc	ESERCIZIO_CONTATORE.elf
Finished building: default.size.stdout
 
Finished building: ESERCIZIO_CONTATORE.list
 
